[www.nu.nl/binnenland/6113622/veel-ongelukken-rond-amsterdam-door-gladheid-anwb-raadt-weggebruik-af3cff.html]
[backblue.gif]
[fade.gif]
[index.html]
[www.nu.nl/binnenland/6113622/veel-ongelukken-rond-amsterdam-door-gladheid-anwb-raadt-weggebruik-af.html]
[www.nu.nl/binnenland/6113622/android-app_/nl.sanomamedia.android.nu/http/www.nu.nl/binnenland/6113622/veel-ongelukken-rond-amsterdam-door-gladheid-anwb-raadt-weggebruik-af.html]
[www.nu.nl/binnenland/6113622/veel-ongelukken-rond-amsterdam-door-gladheid-anwb-raadt-weggebruik-af-2.html]
[www.nu.nl/static/img/atoms/images/favicon/apple-touch-icon-57x57.png]
[www.nu.nl/static/img/atoms/images/favicon/apple-touch-icon-60x60.png]
[www.nu.nl/static/img/atoms/images/favicon/apple-touch-icon-72x72.png]
[www.nu.nl/static/img/atoms/images/favicon/apple-touch-icon-76x76.png]
[www.nu.nl/static/img/atoms/images/favicon/apple-touch-icon-114x114.png]
[www.nu.nl/static/img/atoms/images/favicon/apple-touch-icon-120x120.png]
[www.nu.nl/static/img/atoms/images/favicon/apple-touch-icon-144x144.png]
[www.nu.nl/static/img/atoms/images/favicon/apple-touch-icon-152x152.png]
[www.nu.nl/static/img/atoms/images/favicon/apple-touch-icon-180x180.png]
[www.nu.nl/static/img/atoms/images/favicon/favicon-32x32.png]
[www.nu.nl/static/img/atoms/images/favicon/android-chrome-192x192.png]
[www.nu.nl/static/img/atoms/images/favicon/favicon-96x96.png]
[www.nu.nl/static/img/atoms/images/favicon/favicon-16x16.png]
[www.nu.nl/static/bundles/css/app.5723b76d.css]
[consent.313.nl/js/consent.min.js]
[cdn.cookielaw.org/consent/tcf.stub.js]
[cdn.cookielaw.org/scripttemplates/otSDKStub.js]
[tags.tiqcdn.com/utag/sanoma/nu-nl/prod/utag.js]
[code.jquery.com/jquery-3.5.1.min.js]
[content.jwplatform.com/libraries/whqXCOFb.js]
[cdns.eu1.gigya.com/js/gigya6099.js]
[www.nu.nl/static/bundles/js/fastjs.63127eb4.js]
[www.nu.nl/binnenland/6113622/media.nu.nl]
[content.jwplatform.com/thumbs/{id}-720.1c.delayed]
[www.nu.nl/static/CACHE/js/output.582e81677d02.js]
[media.nu.nl/m/38ex4yia4kw3_xwd640.jpg/veel-ongelukken-rond-amsterdam-door-gladheid-anwb-raadt-weggebruik-af.jpg]
[www.nu.nl/static/img/placeholders/wd320-o.png]
[media.nu.nl/m/yygxtc9agzer_wd1280.jpg]
[www.nu.nl/static/CACHE/js/output.bfe2cf6028fc.js]
[www.nu.nl/static/bundles/js/app.6a3a74c0.js]
[www.nu.nl/static/CACHE/js/output.0d3d42f17fbc.js]
[www.nu.nl/static/CACHE/js/output.397c20b02ff1.js]
[www.nu.nl/static/CACHE/js/output.cc69a0d3f6d0.js]
[www.nu.nl/static/CACHE/js/output.c1f4d16e3f7a.js]
[www.nu.nl/static/CACHE/js/output.9a701bf687dd.js]
[www.nu.nl/static/CACHE/js/output.46e5aeac1f23.js]
[account.dpgmmservices.nl/js/sa-data-service.min.js]
[www.nu.nl/binnenland/6113622/veel-ongelukken-rond-amsterdam-door-gladheid-anwb-raadt-weggebruik-af3cff.html]
[www.nu.nl/binnenland/6113622/veel-ongelukken-rond-amsterdam-door-gladheid-anwb-raadt-weggebruik-af.html]
[www.nu.nl/binnenland/6113622/android-app_/nl.sanomamedia.android.nu/http/www.nu.nl/binnenland/6113622/veel-ongelukken-rond-amsterdam-door-gladheid-anwb-raadt-weggebruik-af.html]
[www.nu.nl/static/CACHE/js/output.16db8f05cc15.js]
[cdn.ampproject.org/v0.js]
[cdn.ampproject.org/v0/amp-ad-latest.js]
[cdn.ampproject.org/v0/amp-analytics-0.1.js]
[cdn.ampproject.org/v0/amp-carousel-0.1.js]
[cdn.ampproject.org/v0/amp-consent-0.1.js]
[cdn.ampproject.org/v0/amp-sidebar-0.1.js]
[cdn.ampproject.org/v0/amp-social-share-0.1.js]
[www.nu.nl/binnenland/6113622/veel-ongelukken-rond-amsterdam-door-gladheid-anwb-raadt-weggebruik-af-2.html]
[www.nu.nl/static/img/atoms/forms/shared/inputbg.png]
[www.nu.nl/static/vendor/royalslider/img/grab.png]
[www.nu.nl/static/vendor/royalslider/img/grabbing.png]
[www.nu.nl/static/vendor/royalslider/img/blank.gif]
[www.nu.nl/static/vendor/royalslider/img/rs-default.png]
[www.nu.nl/static/vendor/royalslider/img/preloader-white.gif]
[www.nu.nl/static/img/molecules/components/dotted_h.png]
[www.nu.nl/static/img/molecules/components/dotted_v.png]
[www.nu.nl/static/img/atoms/images/logos/nubranded_32.png]
[www.nu.nl/static/img/molecules/tvguide/channel-logosprite-tvguide-v3.png]
[www.nu.nl/static/img/organisms/overlay/nujij-balloon.png]
[www.nu.nl/static/img/organisms/football/timeline/timeline.background-field-black-long.jpg]
[www.nu.nl/static/img/organisms/football/timeline/timeline.event-30.png]
[www.nu.nl/static/img/organisms/football/timeline/timeline.event.neutral.png]
[www.nu.nl/static/img/molecules/components/gradient_large.png]
[www.nu.nl/static/bundles/css/app.5723b76d.css]
[www.nu.nl/binnenland/6113622/GET]
[connect.facebook.net/en_US/fbevents.js]
[tentacles.smartocto.com/ten/tentacle.js]
[tags.tiqcdn.com/utag/sanoma/nu-nl/prod/utag.js]
[www.googletagmanager.com/gtm5445.html]
[www.nu.nl/binnenland/6113622/media.nu.html]
[content.jwplatform.com/thumbs/{id}-720.html]
[account.dpgmmservices.nl/js/sa-data-service.min.js]
[www.nu.nl/binnenland/6113622/GET.html]
[connect.facebook.net/en_US/fbevents.js]
[beacon.krxd.net/event6810.html]
